Archive member included to satisfy reference by file (symbol)

c:/st/stm32cubeide_1.11.2/stm32cubeide/plugins/com.st.stm32cube.ide.mcu.externaltools.gnu-tools-for-stm32.10.3-2021.10.win32_1.0.100.202210260954/tools/bin/../lib/gcc/arm-none-eabi/10.3.1/../../../../arm-none-eabi/lib/thumb/v7e-m+dp/hard\libc_nano.a(lib_a-errno.o)
                              ./Core/Src/syscalls.o (__errno)
c:/st/stm32cubeide_1.11.2/stm32cubeide/plugins/com.st.stm32cube.ide.mcu.externaltools.gnu-tools-for-stm32.10.3-2021.10.win32_1.0.100.202210260954/tools/bin/../lib/gcc/arm-none-eabi/10.3.1/../../../../arm-none-eabi/lib/thumb/v7e-m+dp/hard\libc_nano.a(lib_a-exit.o)
                              c:/st/stm32cubeide_1.11.2/stm32cubeide/plugins/com.st.stm32cube.ide.mcu.externaltools.gnu-tools-for-stm32.10.3-2021.10.win32_1.0.100.202210260954/tools/bin/../lib/gcc/arm-none-eabi/10.3.1/../../../../arm-none-eabi/lib/thumb/v7e-m+dp/hard/crt0.o (exit)
c:/st/stm32cubeide_1.11.2/stm32cubeide/plugins/com.st.stm32cube.ide.mcu.externaltools.gnu-tools-for-stm32.10.3-2021.10.win32_1.0.100.202210260954/tools/bin/../lib/gcc/arm-none-eabi/10.3.1/../../../../arm-none-eabi/lib/thumb/v7e-m+dp/hard\libc_nano.a(lib_a-impure.o)
                              c:/st/stm32cubeide_1.11.2/stm32cubeide/plugins/com.st.stm32cube.ide.mcu.externaltools.gnu-tools-for-stm32.10.3-2021.10.win32_1.0.100.202210260954/tools/bin/../lib/gcc/arm-none-eabi/10.3.1/../../../../arm-none-eabi/lib/thumb/v7e-m+dp/hard\libc_nano.a(lib_a-exit.o) (_global_impure_ptr)
c:/st/stm32cubeide_1.11.2/stm32cubeide/plugins/com.st.stm32cube.ide.mcu.externaltools.gnu-tools-for-stm32.10.3-2021.10.win32_1.0.100.202210260954/tools/bin/../lib/gcc/arm-none-eabi/10.3.1/../../../../arm-none-eabi/lib/thumb/v7e-m+dp/hard\libc_nano.a(lib_a-init.o)
                              c:/st/stm32cubeide_1.11.2/stm32cubeide/plugins/com.st.stm32cube.ide.mcu.externaltools.gnu-tools-for-stm32.10.3-2021.10.win32_1.0.100.202210260954/tools/bin/../lib/gcc/arm-none-eabi/10.3.1/../../../../arm-none-eabi/lib/thumb/v7e-m+dp/hard/crt0.o (__libc_init_array)
c:/st/stm32cubeide_1.11.2/stm32cubeide/plugins/com.st.stm32cube.ide.mcu.externaltools.gnu-tools-for-stm32.10.3-2021.10.win32_1.0.100.202210260954/tools/bin/../lib/gcc/arm-none-eabi/10.3.1/../../../../arm-none-eabi/lib/thumb/v7e-m+dp/hard\libc_nano.a(lib_a-memset.o)
                              c:/st/stm32cubeide_1.11.2/stm32cubeide/plugins/com.st.stm32cube.ide.mcu.externaltools.gnu-tools-for-stm32.10.3-2021.10.win32_1.0.100.202210260954/tools/bin/../lib/gcc/arm-none-eabi/10.3.1/../../../../arm-none-eabi/lib/thumb/v7e-m+dp/hard/crt0.o (memset)
c:/st/stm32cubeide_1.11.2/stm32cubeide/plugins/com.st.stm32cube.ide.mcu.externaltools.gnu-tools-for-stm32.10.3-2021.10.win32_1.0.100.202210260954/tools/bin/../lib/gcc/arm-none-eabi/10.3.1/thumb/v7e-m+dp/hard\libgcc.a(_aeabi_uldivmod.o)
                              ./Drivers/STM32H7xx_HAL_Driver/Src/stm32h7xx_hal_uart.o (__aeabi_uldivmod)
c:/st/stm32cubeide_1.11.2/stm32cubeide/plugins/com.st.stm32cube.ide.mcu.externaltools.gnu-tools-for-stm32.10.3-2021.10.win32_1.0.100.202210260954/tools/bin/../lib/gcc/arm-none-eabi/10.3.1/thumb/v7e-m+dp/hard\libgcc.a(_udivmoddi4.o)
                              c:/st/stm32cubeide_1.11.2/stm32cubeide/plugins/com.st.stm32cube.ide.mcu.externaltools.gnu-tools-for-stm32.10.3-2021.10.win32_1.0.100.202210260954/tools/bin/../lib/gcc/arm-none-eabi/10.3.1/thumb/v7e-m+dp/hard\libgcc.a(_aeabi_uldivmod.o) (__udivmoddi4)
c:/st/stm32cubeide_1.11.2/stm32cubeide/plugins/com.st.stm32cube.ide.mcu.externaltools.gnu-tools-for-stm32.10.3-2021.10.win32_1.0.100.202210260954/tools/bin/../lib/gcc/arm-none-eabi/10.3.1/thumb/v7e-m+dp/hard\libgcc.a(_dvmd_tls.o)
                              c:/st/stm32cubeide_1.11.2/stm32cubeide/plugins/com.st.stm32cube.ide.mcu.externaltools.gnu-tools-for-stm32.10.3-2021.10.win32_1.0.100.202210260954/tools/bin/../lib/gcc/arm-none-eabi/10.3.1/thumb/v7e-m+dp/hard\libgcc.a(_aeabi_uldivmod.o) (__aeabi_ldiv0)

Discarded input sections

 .text          0x0000000000000000        0x0 c:/st/stm32cubeide_1.11.2/stm32cubeide/plugins/com.st.stm32cube.ide.mcu.externaltools.gnu-tools-for-stm32.10.3-2021.10.win32_1.0.100.202210260954/tools/bin/../lib/gcc/arm-none-eabi/10.3.1/thumb/v7e-m+dp/hard/crti.o
 .data          0x0000000000000000        0x0 c:/st/stm32cubeide_1.11.2/stm32cubeide/plugins/com.st.stm32cube.ide.mcu.externaltools.gnu-tools-for-stm32.10.3-2021.10.win32_1.0.100.202210260954/tools/bin/../lib/gcc/arm-none-eabi/10.3.1/thumb/v7e-m+dp/hard/crti.o
 .bss           0x0000000000000000        0x0 c:/st/stm32cubeide_1.11.2/stm32cubeide/plugins/com.st.stm32cube.ide.mcu.externaltools.gnu-tools-for-stm32.10.3-2021.10.win32_1.0.100.202210260954/tools/bin/../lib/gcc/arm-none-eabi/10.3.1/thumb/v7e-m+dp/hard/crti.o
[...]
Memory Configuration

Name             Origin             Length             Attributes
FLASH            0x0000000008000000 0x0000000000200000 xr
DTCMRAM          0x0000000020000000 0x0000000000020000 xrw
RAM_D1           0x0000000024000000 0x0000000000080000 xrw
RAM_D2           0x0000000030000000 0x0000000000048000 xrw
RAM_D3           0x0000000038000000 0x0000000000010000 xrw
ITCMRAM          0x0000000000000000 0x0000000000010000 xrw
*default*        0x0000000000000000 0xffffffffffffffff

Linker script and memory map

LOAD c:/st/stm32cubeide_1.11.2/stm32cubeide/plugins/com.st.stm32cube.ide.mcu.externaltools.gnu-tools-for-stm32.10.3-2021.10.win32_1.0.100.202210260954/tools/bin/../lib/gcc/arm-none-eabi/10.3.1/thumb/v7e-m+dp/hard/crti.o
LOAD c:/st/stm32cubeide_1.11.2/stm32cubeide/plugins/com.st.stm32cube.ide.mcu.externaltools.gnu-tools-for-stm32.10.3-2021.10.win32_1.0.100.202210260954/tools/bin/../lib/gcc/arm-none-eabi/10.3.1/thumb/v7e-m+dp/hard/crtbegin.o
LOAD c:/st/stm32cubeide_1.11.2/stm32cubeide/plugins/com.st.stm32cube.ide.mcu.externaltools.gnu-tools-for-stm32.10.3-2021.10.win32_1.0.100.202210260954/tools/bin/../lib/gcc/arm-none-eabi/10.3.1/../../../../arm-none-eabi/lib/thumb/v7e-m+dp/hard/crt0.o
LOAD ./Core/Src/main.o
LOAD ./Core/Src/modbusSlave.o
LOAD ./Core/Src/modbus_crc.o
LOAD ./Core/Src/stm32h7xx_hal_msp.o
LOAD ./Core/Src/stm32h7xx_it.o
LOAD ./Core/Src/syscalls.o
LOAD ./Core/Src/sysmem.o
LOAD ./Core/Src/system_stm32h7xx.o
LOAD ./Core/Startup/startup_stm32h743zitx.o
LOAD ./Drivers/STM32H7xx_HAL_Driver/Src/stm32h7xx_hal.o
LOAD ./Drivers/STM32H7xx_HAL_Driver/Src/stm32h7xx_hal_cortex.o
LOAD ./Drivers/STM32H7xx_HAL_Driver/Src/stm32h7xx_hal_dma.o
LOAD ./Drivers/STM32H7xx_HAL_Driver/Src/stm32h7xx_hal_dma_ex.o
LOAD ./Drivers/STM32H7xx_HAL_Driver/Src/stm32h7xx_hal_exti.o
LOAD ./Drivers/STM32H7xx_HAL_Driver/Src/stm32h7xx_hal_flash.o
LOAD ./Drivers/STM32H7xx_HAL_Driver/Src/stm32h7xx_hal_flash_ex.o
LOAD ./Drivers/STM32H7xx_HAL_Driver/Src/stm32h7xx_hal_gpio.o
LOAD ./Drivers/STM32H7xx_HAL_Driver/Src/stm32h7xx_hal_hsem.o
LOAD ./Drivers/STM32H7xx_HAL_Driver/Src/stm32h7xx_hal_i2c.o
LOAD ./Drivers/STM32H7xx_HAL_Driver/Src/stm32h7xx_hal_i2c_ex.o
LOAD ./Drivers/STM32H7xx_HAL_Driver/Src/stm32h7xx_hal_mdma.o
LOAD ./Drivers/STM32H7xx_HAL_Driver/Src/stm32h7xx_hal_pwr.o
LOAD ./Drivers/STM32H7xx_HAL_Driver/Src/stm32h7xx_hal_pwr_ex.o
LOAD ./Drivers/STM32H7xx_HAL_Driver/Src/stm32h7xx_hal_rcc.o
LOAD ./Drivers/STM32H7xx_HAL_Driver/Src/stm32h7xx_hal_rcc_ex.o
LOAD ./Drivers/STM32H7xx_HAL_Driver/Src/stm32h7xx_hal_tim.o
LOAD ./Drivers/STM32H7xx_HAL_Driver/Src/stm32h7xx_hal_tim_ex.o
LOAD ./Drivers/STM32H7xx_HAL_Driver/Src/stm32h7xx_hal_uart.o
LOAD ./Drivers/STM32H7xx_HAL_Driver/Src/stm32h7xx_hal_uart_ex.o
START GROUP
LOAD c:/st/stm32cubeide_1.11.2/stm32cubeide/plugins/com.st.stm32cube.ide.mcu.externaltools.gnu-tools-for-stm32.10.3-2021.10.win32_1.0.100.202210260954/tools/bin/../lib/gcc/arm-none-eabi/10.3.1/../../../../arm-none-eabi/lib/thumb/v7e-m+dp/hard\libc_nano.a
LOAD c:/st/stm32cubeide_1.11.2/stm32cubeide/plugins/com.st.stm32cube.ide.mcu.externaltools.gnu-tools-for-stm32.10.3-2021.10.win32_1.0.100.202210260954/tools/bin/../lib/gcc/arm-none-eabi/10.3.1/../../../../arm-none-eabi/lib/thumb/v7e-m+dp/hard\libm.a
END GROUP
START GROUP
LOAD c:/st/stm32cubeide_1.11.2/stm32cubeide/plugins/com.st.stm32cube.ide.mcu.externaltools.gnu-tools-for-stm32.10.3-2021.10.win32_1.0.100.202210260954/tools/bin/../lib/gcc/arm-none-eabi/10.3.1/thumb/v7e-m+dp/hard\libgcc.a
LOAD c:/st/stm32cubeide_1.11.2/stm32cubeide/plugins/com.st.stm32cube.ide.mcu.externaltools.gnu-tools-for-stm32.10.3-2021.10.win32_1.0.100.202210260954/tools/bin/../lib/gcc/arm-none-eabi/10.3.1/../../../../arm-none-eabi/lib/thumb/v7e-m+dp/hard\libc_nano.a
END GROUP
START GROUP
LOAD c:/st/stm32cubeide_1.11.2/stm32cubeide/plugins/com.st.stm32cube.ide.mcu.externaltools.gnu-tools-for-stm32.10.3-2021.10.win32_1.0.100.202210260954/tools/bin/../lib/gcc/arm-none-eabi/10.3.1/thumb/v7e-m+dp/hard\libgcc.a
LOAD c:/st/stm32cubeide_1.11.2/stm32cubeide/plugins/com.st.stm32cube.ide.mcu.externaltools.gnu-tools-for-stm32.10.3-2021.10.win32_1.0.100.202210260954/tools/bin/../lib/gcc/arm-none-eabi/10.3.1/../../../../arm-none-eabi/lib/thumb/v7e-m+dp/hard\libc_nano.a
LOAD c:/st/stm32cubeide_1.11.2/stm32cubeide/plugins/com.st.stm32cube.ide.mcu.externaltools.gnu-tools-for-stm32.10.3-2021.10.win32_1.0.100.202210260954/tools/bin/../lib/gcc/arm-none-eabi/10.3.1/../../../../arm-none-eabi/lib/thumb/v7e-m+dp/hard\libnosys.a
END GROUP
START GROUP
LOAD c:/st/stm32cubeide_1.11.2/stm32cubeide/plugins/com.st.stm32cube.ide.mcu.externaltools.gnu-tools-for-stm32.10.3-2021.10.win32_1.0.100.202210260954/tools/bin/../lib/gcc/arm-none-eabi/10.3.1/thumb/v7e-m+dp/hard\libgcc.a
LOAD c:/st/stm32cubeide_1.11.2/stm32cubeide/plugins/com.st.stm32cube.ide.mcu.externaltools.gnu-tools-for-stm32.10.3-2021.10.win32_1.0.100.202210260954/tools/bin/../lib/gcc/arm-none-eabi/10.3.1/../../../../arm-none-eabi/lib/thumb/v7e-m+dp/hard\libc_nano.a
LOAD c:/st/stm32cubeide_1.11.2/stm32cubeide/plugins/com.st.stm32cube.ide.mcu.externaltools.gnu-tools-for-stm32.10.3-2021.10.win32_1.0.100.202210260954/tools/bin/../lib/gcc/arm-none-eabi/10.3.1/../../../../arm-none-eabi/lib/thumb/v7e-m+dp/hard\libnosys.a
END GROUP
LOAD c:/st/stm32cubeide_1.11.2/stm32cubeide/plugins/com.st.stm32cube.ide.mcu.externaltools.gnu-tools-for-stm32.10.3-2021.10.win32_1.0.100.202210260954/tools/bin/../lib/gcc/arm-none-eabi/10.3.1/thumb/v7e-m+dp/hard/crtend.o
LOAD c:/st/stm32cubeide_1.11.2/stm32cubeide/plugins/com.st.stm32cube.ide.mcu.externaltools.gnu-tools-for-stm32.10.3-2021.10.win32_1.0.100.202210260954/tools/bin/../lib/gcc/arm-none-eabi/10.3.1/thumb/v7e-m+dp/hard/crtn.o
                0x0000000024080000                _estack = (ORIGIN (RAM_D1) + LENGTH (RAM_D1))
                0x0000000000000200                _Min_Heap_Size = 0x200
                0x0000000000000400                _Min_Stack_Size = 0x400

.isr_vector     0x0000000008000000      0x298
                0x0000000008000000                . = ALIGN (0x4)
 *(.isr_vector)
 .isr_vector    0x0000000008000000      0x298 ./Core/Startup/startup_stm32h743zitx.o
                0x0000000008000000                g_pfnVectors
                0x0000000008000298                . = ALIGN (0x4)

.text           0x0000000008000298     0x79c4
                0x0000000008000298                . = ALIGN (0x4)
 *(.text)
 .text          0x0000000008000298       0x40 c:/st/stm32cubeide_1.11.2/stm32cubeide/plugins/com.st.stm32cube.ide.mcu.externaltools.gnu-tools-for-stm32.10.3-2021.10.win32_1.0.100.202210260954/tools/bin/../lib/gcc/arm-none-eabi/10.3.1/thumb/v7e-m+dp/hard/crtbegin.o
 .text          0x00000000080002d8       0x30 c:/st/stm32cubeide_1.11.2/stm32cubeide/plugins/com.st.stm32cube.ide.mcu.externaltools.gnu-tools-for-stm32.10.3-2021.10.win32_1.0.100.202210260954/tools/bin/../lib/gcc/arm-none-eabi/10.3.1/thumb/v7e-m+dp/hard\libgcc.a(_aeabi_uldivmod.o)
                0x00000000080002d8                __aeabi_uldivmod
 .text          0x0000000008000308      0x2d0 c:/st/stm32cubeide_1.11.2/stm32cubeide/plugins/com.st.stm32cube.ide.mcu.externaltools.gnu-tools-for-stm32.10.3-2021.10.win32_1.0.100.202210260954/tools/bin/../lib/gcc/arm-none-eabi/10.3.1/thumb/v7e-m+dp/hard\libgcc.a(_udivmoddi4.o)
                0x0000000008000308                __udivmoddi4
 .text          0x00000000080005d8        0x4 c:/st/stm32cubeide_1.11.2/stm32cubeide/plugins/com.st.stm32cube.ide.mcu.externaltools.gnu-tools-for-stm32.10.3-2021.10.win32_1.0.100.202210260954/tools/bin/../lib/gcc/arm-none-eabi/10.3.1/thumb/v7e-m+dp/hard\libgcc.a(_dvmd_tls.o)
                0x00000000080005d8                __aeabi_idiv0
                0x00000000080005d8                __aeabi_ldiv0
 *(.text*)
 .text.HAL_UARTEx_RxEventCallback
                0x00000000080005dc       0xbc ./Core/Src/main.o
                0x00000000080005dc                HAL_UARTEx_RxEventCallback
 .text.main     0x0000000008000698       0x2c ./Core/Src/main.o
                0x0000000008000698                main
 .text.SystemClock_Config
                0x00000000080006c4       0xf8 ./Core/Src/main.o
                0x00000000080006c4                SystemClock_Config
 .text.MX_UART5_Init
                0x00000000080007bc       0x98 ./Core/Src/main.o
 .text.MX_GPIO_Init
                0x0000000008000854       0x8c ./Core/Src/main.o
 .text.Error_Handler
                0x00000000080008e0        0xa ./Core/Src/main.o
                0x00000000080008e0                Error_Handler
 *fill*         0x00000000080008ea        0x2 
 .text.sendData
                0x00000000080008ec       0x58 ./Core/Src/modbusSlave.o
                0x00000000080008ec                sendData
 .text.modbusException
                0x0000000008000944       0x40 ./Core/Src/modbusSlave.o
                0x0000000008000944                modbusException
 .text.readHoldingRegs
                0x0000000008000984       0xe4 ./Core/Src/modbusSlave.o
                0x0000000008000984                readHoldingRegs
 .text.readInputRegs
                0x0000000008000a68       0xe4 ./Core/Src/modbusSlave.o
                0x0000000008000a68                readInputRegs
 .text.readCoils
                0x0000000008000b4c      0x15c ./Core/Src/modbusSlave.o
                0x0000000008000b4c                readCoils
 .text.readInputs
                0x0000000008000ca8      0x15c ./Core/Src/modbusSlave.o
                0x0000000008000ca8                readInputs
 .text.writeHoldingRegs
                0x0000000008000e04       0xf4 ./Core/Src/modbusSlave.o
                0x0000000008000e04                writeHoldingRegs
 .text.writeSingleReg
                0x0000000008000ef8       0x94 ./Core/Src/modbusSlave.o
                0x0000000008000ef8                writeSingleReg
 .text.writeSingleCoil
                0x0000000008000f8c       0xf4 ./Core/Src/modbusSlave.o
                0x0000000008000f8c                writeSingleCoil
 .text.writeMultiCoils
                0x0000000008001080      0x16c ./Core/Src/modbusSlave.o
                0x0000000008001080                writeMultiCoils
 .text.crc16    0x00000000080011ec       0x6c ./Core/Src/modbus_crc.o
                0x00000000080011ec                crc16
 .text.HAL_MspInit
                0x0000000008001258       0x34 ./Core/Src/stm32h7xx_hal_msp.o
                0x0000000008001258                HAL_MspInit
 .text.HAL_UART_MspInit
                0x000000000800128c       0xe4 ./Core/Src/stm32h7xx_hal_msp.o
                0x000000000800128c                HAL_UART_MspInit
 .text.NMI_Handler
                0x0000000008001370        0x6 ./Core/Src/stm32h7xx_it.o
                0x0000000008001370                NMI_Handler
 .text.HardFault_Handler
                0x0000000008001376        0x6 ./Core/Src/stm32h7xx_it.o
                0x0000000008001376                HardFault_Handler
 .text.MemManage_Handler
                0x000000000800137c        0x6 ./Core/Src/stm32h7xx_it.o
                0x000000000800137c                MemManage_Handler
 .text.BusFault_Handler
                0x0000000008001382        0x6 ./Core/Src/stm32h7xx_it.o
                0x0000000008001382                BusFault_Handler
 .text.UsageFault_Handler
                0x0000000008001388        0x6 ./Core/Src/stm32h7xx_it.o
                0x0000000008001388                UsageFault_Handler
 .text.SVC_Handler
                0x000000000800138e        0xe ./Core/Src/stm32h7xx_it.o
                0x000000000800138e                SVC_Handler
 .text.DebugMon_Handler
                0x000000000800139c        0xe ./Core/Src/stm32h7xx_it.o
                0x000000000800139c                DebugMon_Handler
 .text.PendSV_Handler
                0x00000000080013aa        0xe ./Core/Src/stm32h7xx_it.o
                0x00000000080013aa                PendSV_Handler
 .text.SysTick_Handler
                0x00000000080013b8        0xc ./Core/Src/stm32h7xx_it.o
                0x00000000080013b8                SysTick_Handler
 .text.UART5_IRQHandler
                0x00000000080013c4       0x14 ./Core/Src/stm32h7xx_it.o
                0x00000000080013c4                UART5_IRQHandler
 .text.SystemInit
                0x00000000080013d8      0x110 ./Core/Src/system_stm32h7xx.o
                0x00000000080013d8                SystemInit
 .text.Reset_Handler
                0x00000000080014e8       0x50 ./Core/Startup/startup_stm32h743zitx.o
                0x00000000080014e8                Reset_Handler
 .text.Default_Handler
                0x0000000008001538        0x2 ./Core/Startup/startup_stm32h743zitx.o
                0x0000000008001538                RTC_Alarm_IRQHandler
                0x0000000008001538                EXTI2_IRQHandler
                0x0000000008001538                TIM8_CC_IRQHandler
                0x0000000008001538                HRTIM1_Master_IRQHandler
                0x0000000008001538                UART8_IRQHandler
                0x0000000008001538                SPI4_IRQHandler
                0x0000000008001538                TIM1_CC_IRQHandler
                0x0000000008001538                BDMA_Channel6_IRQHandler
                0x0000000008001538                DMA2_Stream5_IRQHandler
                0x0000000008001538                HRTIM1_FLT_IRQHandler
                0x0000000008001538                JPEG_IRQHandler
                0x0000000008001538                DMA1_Stream5_IRQHandler
                0x0000000008001538                BDMA_Channel1_IRQHandler
                0x0000000008001538                HRTIM1_TIMD_IRQHandler
                0x0000000008001538                TAMP_STAMP_IRQHandler
                0x0000000008001538                EXTI3_IRQHandler
                0x0000000008001538                LPTIM4_IRQHandler
                0x0000000008001538                TIM8_TRG_COM_TIM14_IRQHandler
                0x0000000008001538                LPTIM2_IRQHandler
                0x0000000008001538                DFSDM1_FLT1_IRQHandler
                0x0000000008001538                DMAMUX2_OVR_IRQHandler
                0x0000000008001538                TIM8_UP_TIM13_IRQHandler
                0x0000000008001538                I2C3_ER_IRQHandler
                0x0000000008001538                DFSDM1_FLT2_IRQHandler
                0x0000000008001538                MDMA_IRQHandler
                0x0000000008001538                LPTIM3_IRQHandler
                0x0000000008001538                HSEM1_IRQHandler
                0x0000000008001538                EXTI0_IRQHandler
                0x0000000008001538                I2C2_EV_IRQHandler
                0x0000000008001538                DMA1_Stream2_IRQHandler
                0x0000000008001538                FPU_IRQHandler
                0x0000000008001538                OTG_HS_WKUP_IRQHandler
                0x0000000008001538                FDCAN1_IT1_IRQHandler
                0x0000000008001538                LTDC_ER_IRQHandler
                0x0000000008001538                DMA2_Stream2_IRQHandler
                0x0000000008001538                HRTIM1_TIME_IRQHandler
                0x0000000008001538                SPI1_IRQHandler
                0x0000000008001538                TIM6_DAC_IRQHandler
                0x0000000008001538                DCMI_IRQHandler
                0x0000000008001538                HRTIM1_TIMC_IRQHandler
                0x0000000008001538                DMA2_Stream3_IRQHandler
                0x0000000008001538                SAI2_IRQHandler
                0x0000000008001538                DFSDM1_FLT3_IRQHandler
                0x0000000008001538                USART6_IRQHandler
                0x0000000008001538                TIM17_IRQHandler
                0x0000000008001538                USART3_IRQHandler
                0x0000000008001538                BDMA_Channel7_IRQHandler
                0x0000000008001538                LPTIM5_IRQHandler
                0x0000000008001538                ADC3_IRQHandler
                0x0000000008001538                DMA2_Stream0_IRQHandler
                0x0000000008001538                TIM4_IRQHandler
                0x0000000008001538                BDMA_Channel2_IRQHandler
                0x0000000008001538                QUADSPI_IRQHandler
                0x0000000008001538                I2C1_EV_IRQHandler
                0x0000000008001538                DMA1_Stream6_IRQHandler
                0x0000000008001538                DMAMUX1_OVR_IRQHandler
                0x0000000008001538                DMA1_Stream1_IRQHandler
                0x0000000008001538                TIM16_IRQHandler
                0x0000000008001538                UART4_IRQHandler
                0x0000000008001538                BDMA_Channel5_IRQHandler
                0x0000000008001538                TIM3_IRQHandler
                0x0000000008001538                RCC_IRQHandler
                0x0000000008001538                TIM8_BRK_TIM12_IRQHandler
                0x0000000008001538                TIM1_TRG_COM_IRQHandler
                0x0000000008001538                Default_Handler
                0x0000000008001538                ECC_IRQHandler
                0x0000000008001538                CEC_IRQHandler
                0x0000000008001538                EXTI15_10_IRQHandler
                0x0000000008001538                BDMA_Channel0_IRQHandler
                0x0000000008001538                ADC_IRQHandler
                0x0000000008001538                DMA1_Stream7_IRQHandler
                0x0000000008001538                HRTIM1_TIMA_IRQHandler
                0x0000000008001538                SPI5_IRQHandler
                0x0000000008001538                TIM7_IRQHandler
                0x0000000008001538                SDMMC1_IRQHandler
                0x0000000008001538                TIM5_IRQHandler
                0x0000000008001538                DMA2_Stream7_IRQHandler
                0x0000000008001538                TIM15_IRQHandler
                0x0000000008001538                PVD_AVD_IRQHandler
                0x0000000008001538                I2C3_EV_IRQHandler
                0x0000000008001538                EXTI9_5_IRQHandler
                0x0000000008001538                RTC_WKUP_IRQHandler
                0x0000000008001538                LTDC_IRQHandler
                0x0000000008001538                SAI3_IRQHandler
                0x0000000008001538                ETH_WKUP_IRQHandler
                0x0000000008001538                SPDIF_RX_IRQHandler
                0x0000000008001538                SPI2_IRQHandler
                0x0000000008001538                OTG_HS_EP1_IN_IRQHandler
                0x0000000008001538                DMA1_Stream0_IRQHandler
                0x0000000008001538                CRS_IRQHandler
                0x0000000008001538                EXTI4_IRQHandler
                0x0000000008001538                RNG_IRQHandler
                0x0000000008001538                HRTIM1_TIMB_IRQHandler
                0x0000000008001538                FDCAN2_IT1_IRQHandler
                0x0000000008001538                ETH_IRQHandler
                0x0000000008001538                TIM1_UP_IRQHandler
                0x0000000008001538                BDMA_Channel4_IRQHandler
                0x0000000008001538                OTG_HS_EP1_OUT_IRQHandler
                0x0000000008001538                WWDG_IRQHandler
                0x0000000008001538                SPI6_IRQHandler
                0x0000000008001538                MDIOS_IRQHandler
                0x0000000008001538                I2C4_EV_IRQHandler
                0x0000000008001538                FDCAN2_IT0_IRQHandler
                0x0000000008001538                LPUART1_IRQHandler
                0x0000000008001538                FDCAN1_IT0_IRQHandler
                0x0000000008001538                TIM2_IRQHandler
                0x0000000008001538                OTG_FS_WKUP_IRQHandler
                0x0000000008001538                OTG_HS_IRQHandler
                0x0000000008001538                DMA2D_IRQHandler
                0x0000000008001538                TIM1_BRK_IRQHandler
                0x0000000008001538                EXTI1_IRQHandler
                0x0000000008001538                SDMMC2_IRQHandler
                0x0000000008001538                OTG_FS_EP1_OUT_IRQHandler
                0x0000000008001538                BDMA_Channel3_IRQHandler
                0x0000000008001538                UART7_IRQHandler
                0x0000000008001538                MDIOS_WKUP_IRQHandler
                0x0000000008001538                USART2_IRQHandler
                0x0000000008001538                DFSDM1_FLT0_IRQHandler
                0x0000000008001538                SAI4_IRQHandler
                0x0000000008001538                I2C2_ER_IRQHandler
                0x0000000008001538                DMA2_Stream1_IRQHandler
                0x0000000008001538                FLASH_IRQHandler
                0x0000000008001538                DMA2_Stream4_IRQHandler
                0x0000000008001538                USART1_IRQHandler
                0x0000000008001538                OTG_FS_IRQHandler
                0x0000000008001538                SPI3_IRQHandler
                0x0000000008001538                WAKEUP_PIN_IRQHandler
                0x0000000008001538                DMA1_Stream4_IRQHandler
                0x0000000008001538                OTG_FS_EP1_IN_IRQHandler
                0x0000000008001538                I2C1_ER_IRQHandler
                0x0000000008001538                FMC_IRQHandler
                0x0000000008001538                FDCAN_CAL_IRQHandler
                0x0000000008001538                SWPMI1_IRQHandler
                0x0000000008001538                COMP1_IRQHandler
                0x0000000008001538                LPTIM1_IRQHandler
                0x0000000008001538                I2C4_ER_IRQHandler
                0x0000000008001538                DMA2_Stream6_IRQHandler
                0x0000000008001538                SAI1_IRQHandler
                0x0000000008001538                DMA1_Stream3_IRQHandler
 *fill*         0x000000000800153a        0x2 
 .text.HAL_Init
                0x000000000800153c       0x78 ./Drivers/STM32H7xx_HAL_Driver/Src/stm32h7xx_hal.o
                0x000000000800153c                HAL_Init
 .text.HAL_InitTick
                0x00000000080015b4       0x6c ./Drivers/STM32H7xx_HAL_Driver/Src/stm32h7xx_hal.o
                0x00000000080015b4                HAL_InitTick
 .text.HAL_IncTick
                0x0000000008001620       0x28 ./Drivers/STM32H7xx_HAL_Driver/Src/stm32h7xx_hal.o
                0x0000000008001620                HAL_IncTick
 .text.HAL_GetTick
                0x0000000008001648       0x18 ./Drivers/STM32H7xx_HAL_Driver/Src/stm32h7xx_hal.o
                0x0000000008001648                HAL_GetTick
 .text.HAL_GetREVID
                0x0000000008001660       0x18 ./Drivers/STM32H7xx_HAL_Driver/Src/stm32h7xx_hal.o
                0x0000000008001660                HAL_GetREVID
 .text.__NVIC_SetPriorityGrouping
                0x0000000008001678       0x48 ./Drivers/STM32H7xx_HAL_Driver/Src/stm32h7xx_hal_cortex.o
 .text.__NVIC_GetPriorityGrouping
                0x00000000080016c0       0x1c ./Drivers/STM32H7xx_HAL_Driver/Src/stm32h7xx_hal_cortex.o
 .text.__NVIC_EnableIRQ
                0x00000000080016dc       0x3c ./Drivers/STM32H7xx_HAL_Driver/Src/stm32h7xx_hal_cortex.o
 .text.__NVIC_SetPriority
                0x0000000008001718       0x54 ./Drivers/STM32H7xx_HAL_Driver/Src/stm32h7xx_hal_cortex.o
 .text.NVIC_EncodePriority
                0x000000000800176c       0x66 ./Drivers/STM32H7xx_HAL_Driver/Src/stm32h7xx_hal_cortex.o
 *fill*         0x00000000080017d2        0x2 
 .text.SysTick_Config
                0x00000000080017d4       0x44 ./Drivers/STM32H7xx_HAL_Driver/Src/stm32h7xx_hal_cortex.o
 .text.HAL_NVIC_SetPriorityGrouping
                0x0000000008001818       0x16 ./Drivers/STM32H7xx_HAL_Driver/Src/stm32h7xx_hal_cortex.o
                0x0000000008001818                HAL_NVIC_SetPriorityGrouping
 .text.HAL_NVIC_SetPriority
                0x000000000800182e       0x34 ./Drivers/STM32H7xx_HAL_Driver/Src/stm32h7xx_hal_cortex.o
                0x000000000800182e                HAL_NVIC_SetPriority
 .text.HAL_NVIC_EnableIRQ
                0x0000000008001862       0x1c ./Drivers/STM32H7xx_HAL_Driver/Src/stm32h7xx_hal_cortex.o
                0x0000000008001862                HAL_NVIC_EnableIRQ
 .text.HAL_SYSTICK_Config
                0x000000000800187e       0x18 ./Drivers/STM32H7xx_HAL_Driver/Src/stm32h7xx_hal_cortex.o
                0x000000000800187e                HAL_SYSTICK_Config
 *fill*         0x0000000008001896        0x2 
 .text.HAL_DMA_Abort
                0x0000000008001898      0x63c ./Drivers/STM32H7xx_HAL_Driver/Src/stm32h7xx_hal_dma.o
                0x0000000008001898                HAL_DMA_Abort
 .text.HAL_DMA_Abort_IT
                0x0000000008001ed4      0x48c ./Drivers/STM32H7xx_HAL_Driver/Src/stm32h7xx_hal_dma.o
                0x0000000008001ed4                HAL_DMA_Abort_IT
 .text.HAL_GPIO_Init
                0x0000000008002360      0x360 ./Drivers/STM32H7xx_HAL_Driver/Src/stm32h7xx_hal_gpio.o
                0x0000000008002360                HAL_GPIO_Init
 .text.HAL_GPIO_WritePin
                0x00000000080026c0       0x32 ./Drivers/STM32H7xx_HAL_Driver/Src/stm32h7xx_hal_gpio.o
                0x00000000080026c0                HAL_GPIO_WritePin
 *fill*         0x00000000080026f2        0x2 
 .text.HAL_PWREx_ConfigSupply
                0x00000000080026f4       0x74 ./Drivers/STM32H7xx_HAL_Driver/Src/stm32h7xx_hal_pwr_ex.o
                0x00000000080026f4                HAL_PWREx_ConfigSupply
 .text.HAL_RCC_OscConfig
                0x0000000008002768      0x8b4 ./Drivers/STM32H7xx_HAL_Driver/Src/stm32h7xx_hal_rcc.o
                0x0000000008002768                HAL_RCC_OscConfig
 .text.HAL_RCC_ClockConfig
                0x000000000800301c      0x36c ./Drivers/STM32H7xx_HAL_Driver/Src/stm32h7xx_hal_rcc.o
                0x000000000800301c                HAL_RCC_ClockConfig
 .text.HAL_RCC_GetSysClockFreq
                0x0000000008003388      0x2f4 ./Drivers/STM32H7xx_HAL_Driver/Src/stm32h7xx_hal_rcc.o
                0x0000000008003388                HAL_RCC_GetSysClockFreq
 .text.HAL_RCC_GetHCLKFreq
                0x000000000800367c       0x60 ./Drivers/STM32H7xx_HAL_Driver/Src/stm32h7xx_hal_rcc.o
                0x000000000800367c                HAL_RCC_GetHCLKFreq
 .text.HAL_RCC_GetPCLK1Freq
                0x00000000080036dc       0x2c ./Drivers/STM32H7xx_HAL_Driver/Src/stm32h7xx_hal_rcc.o
                0x00000000080036dc                HAL_RCC_GetPCLK1Freq
 .text.HAL_RCC_GetPCLK2Freq
                0x0000000008003708       0x2c ./Drivers/STM32H7xx_HAL_Driver/Src/stm32h7xx_hal_rcc.o
                0x0000000008003708                HAL_RCC_GetPCLK2Freq
 .text.HAL_RCCEx_PeriphCLKConfig
                0x0000000008003734     0x1414 ./Drivers/STM32H7xx_HAL_Driver/Src/stm32h7xx_hal_rcc_ex.o
                0x0000000008003734                HAL_RCCEx_PeriphCLKConfig
 .text.HAL_RCCEx_GetD3PCLK1Freq
                0x0000000008004b48       0x2c ./Drivers/STM32H7xx_HAL_Driver/Src/stm32h7xx_hal_rcc_ex.o
                0x0000000008004b48                HAL_RCCEx_GetD3PCLK1Freq
 .text.HAL_RCCEx_GetPLL2ClockFreq
                0x0000000008004b74      0x2a8 ./Drivers/STM32H7xx_HAL_Driver/Src/stm32h7xx_hal_rcc_ex.o
                0x0000000008004b74                HAL_RCCEx_GetPLL2ClockFreq
 .text.HAL_RCCEx_GetPLL3ClockFreq
                0x0000000008004e1c      0x2a8 ./Drivers/STM32H7xx_HAL_Driver/Src/stm32h7xx_hal_rcc_ex.o
                0x0000000008004e1c                HAL_RCCEx_GetPLL3ClockFreq
 .text.RCCEx_PLL2_Config
                0x00000000080050c4      0x164 ./Drivers/STM32H7xx_HAL_Driver/Src/stm32h7xx_hal_rcc_ex.o
 .text.RCCEx_PLL3_Config
                0x0000000008005228      0x164 ./Drivers/STM32H7xx_HAL_Driver/Src/stm32h7xx_hal_rcc_ex.o
 .text.HAL_UART_Init
                0x000000000800538c       0xa0 ./Drivers/STM32H7xx_HAL_Driver/Src/stm32h7xx_hal_uart.o
                0x000000000800538c                HAL_UART_Init
 .text.HAL_UART_Transmit
                0x000000000800542c      0x11c ./Drivers/STM32H7xx_HAL_Driver/Src/stm32h7xx_hal_uart.o
                0x000000000800542c                HAL_UART_Transmit
 .text.HAL_UART_IRQHandler
                0x0000000008005548      0x774 ./Drivers/STM32H7xx_HAL_Driver/Src/stm32h7xx_hal_uart.o
                0x0000000008005548                HAL_UART_IRQHandler
 .text.HAL_UART_TxCpltCallback
                0x0000000008005cbc       0x14 ./Drivers/STM32H7xx_HAL_Driver/Src/stm32h7xx_hal_uart.o
                0x0000000008005cbc                HAL_UART_TxCpltCallback
 .text.HAL_UART_RxCpltCallback
                0x0000000008005cd0       0x14 ./Drivers/STM32H7xx_HAL_Driver/Src/stm32h7xx_hal_uart.o
                0x0000000008005cd0                HAL_UART_RxCpltCallback
 .text.HAL_UART_ErrorCallback
                0x0000000008005ce4       0x14 ./Drivers/STM32H7xx_HAL_Driver/Src/stm32h7xx_hal_uart.o
                0x0000000008005ce4                HAL_UART_ErrorCallback
 .text.UART_SetConfig
                0x0000000008005cf8      0xad0 ./Drivers/STM32H7xx_HAL_Driver/Src/stm32h7xx_hal_uart.o
                0x0000000008005cf8                UART_SetConfig
 .text.UART_AdvFeatureConfig
                0x00000000080067c8      0x144 ./Drivers/STM32H7xx_HAL_Driver/Src/stm32h7xx_hal_uart.o
                0x00000000080067c8                UART_AdvFeatureConfig
 .text.UART_CheckIdleState
                0x000000000800690c      0x154 ./Drivers/STM32H7xx_HAL_Driver/Src/stm32h7xx_hal_uart.o
                0x000000000800690c                UART_CheckIdleState
 .text.UART_WaitOnFlagUntilTimeout
                0x0000000008006a60       0xda ./Drivers/STM32H7xx_HAL_Driver/Src/stm32h7xx_hal_uart.o
                0x0000000008006a60                UART_WaitOnFlagUntilTimeout
 *fill*         0x0000000008006b3a        0x2 
 .text.UART_Start_Receive_IT
                0x0000000008006b3c      0x244 ./Drivers/STM32H7xx_HAL_Driver/Src/stm32h7xx_hal_uart.o
                0x0000000008006b3c                UART_Start_Receive_IT
 .text.UART_EndRxTransfer
                0x0000000008006d80       0xcc ./Drivers/STM32H7xx_HAL_Driver/Src/stm32h7xx_hal_uart.o
 .text.UART_DMAAbortOnError
                0x0000000008006e4c       0x2c ./Drivers/STM32H7xx_HAL_Driver/Src/stm32h7xx_hal_uart.o
 .text.UART_EndTransmit_IT
                0x0000000008006e78       0x56 ./Drivers/STM32H7xx_HAL_Driver/Src/stm32h7xx_hal_uart.o
 *fill*         0x0000000008006ece        0x2 
 .text.UART_RxISR_8BIT
                0x0000000008006ed0      0x1b8 ./Drivers/STM32H7xx_HAL_Driver/Src/stm32h7xx_hal_uart.o
 .text.UART_RxISR_16BIT
                0x0000000008007088      0x1b8 ./Drivers/STM32H7xx_HAL_Driver/Src/stm32h7xx_hal_uart.o
 .text.UART_RxISR_8BIT_FIFOEN
                0x0000000008007240      0x360 ./Drivers/STM32H7xx_HAL_Driver/Src/stm32h7xx_hal_uart.o
 .text.UART_RxISR_16BIT_FIFOEN
                0x00000000080075a0      0x368 ./Drivers/STM32H7xx_HAL_Driver/Src/stm32h7xx_hal_uart.o
 .text.HAL_UARTEx_WakeupCallback
                0x0000000008007908       0x14 ./Drivers/STM32H7xx_HAL_Driver/Src/stm32h7xx_hal_uart_ex.o
                0x0000000008007908                HAL_UARTEx_WakeupCallback
 .text.HAL_UARTEx_RxFifoFullCallback
                0x000000000800791c       0x14 ./Drivers/STM32H7xx_HAL_Driver/Src/stm32h7xx_hal_uart_ex.o
                0x000000000800791c                HAL_UARTEx_RxFifoFullCallback
 .text.HAL_UARTEx_TxFifoEmptyCallback
                0x0000000008007930       0x14 ./Drivers/STM32H7xx_HAL_Driver/Src/stm32h7xx_hal_uart_ex.o
                0x0000000008007930                HAL_UARTEx_TxFifoEmptyCallback
 .text.HAL_UARTEx_DisableFifoMode
                0x0000000008007944       0x72 ./Drivers/STM32H7xx_HAL_Driver/Src/stm32h7xx_hal_uart_ex.o
                0x0000000008007944                HAL_UARTEx_DisableFifoMode
 .text.HAL_UARTEx_SetTxFifoThreshold
                0x00000000080079b6       0x7c ./Drivers/STM32H7xx_HAL_Driver/Src/stm32h7xx_hal_uart_ex.o
                0x00000000080079b6                HAL_UARTEx_SetTxFifoThreshold
 .text.HAL_UARTEx_SetRxFifoThreshold
                0x0000000008007a32       0x7c ./Drivers/STM32H7xx_HAL_Driver/Src/stm32h7xx_hal_uart_ex.o
                0x0000000008007a32                HAL_UARTEx_SetRxFifoThreshold
 .text.HAL_UARTEx_ReceiveToIdle_IT
                0x0000000008007aae       0xa0 ./Drivers/STM32H7xx_HAL_Driver/Src/stm32h7xx_hal_uart_ex.o
                0x0000000008007aae                HAL_UARTEx_ReceiveToIdle_IT
 *fill*         0x0000000008007b4e        0x2 
 .text.UARTEx_SetNbDataToProcess
                0x0000000008007b50       0x9c ./Drivers/STM32H7xx_HAL_Driver/Src/stm32h7xx_hal_uart_ex.o
 .text.__libc_init_array
                0x0000000008007bec       0x48 c:/st/stm32cubeide_1.11.2/stm32cubeide/plugins/com.st.stm32cube.ide.mcu.externaltools.gnu-tools-for-stm32.10.3-2021.10.win32_1.0.100.202210260954/tools/bin/../lib/gcc/arm-none-eabi/10.3.1/../../../../arm-none-eabi/lib/thumb/v7e-m+dp/hard\libc_nano.a(lib_a-init.o)
                0x0000000008007bec                __libc_init_array
 .text.memset   0x0000000008007c34       0x10 c:/st/stm32cubeide_1.11.2/stm32cubeide/plugins/com.st.stm32cube.ide.mcu.externaltools.gnu-tools-for-stm32.10.3-2021.10.win32_1.0.100.202210260954/tools/bin/../lib/gcc/arm-none-eabi/10.3.1/../../../../arm-none-eabi/lib/thumb/v7e-m+dp/hard\libc_nano.a(lib_a-memset.o)
                0x0000000008007c34                memset
 *(.glue_7)
 .glue_7        0x0000000008007c44        0x0 linker stubs
 *(.glue_7t)
 .glue_7t       0x0000000008007c44        0x0 linker stubs
 *(.eh_frame)
 .eh_frame      0x0000000008007c44        0x0 c:/st/stm32cubeide_1.11.2/stm32cubeide/plugins/com.st.stm32cube.ide.mcu.externaltools.gnu-tools-for-stm32.10.3-2021.10.win32_1.0.100.202210260954/tools/bin/../lib/gcc/arm-none-eabi/10.3.1/thumb/v7e-m+dp/hard/crtbegin.o
 *(.init)
 .init          0x0000000008007c44        0x4 c:/st/stm32cubeide_1.11.2/stm32cubeide/plugins/com.st.stm32cube.ide.mcu.externaltools.gnu-tools-for-stm32.10.3-2021.10.win32_1.0.100.202210260954/tools/bin/../lib/gcc/arm-none-eabi/10.3.1/thumb/v7e-m+dp/hard/crti.o
                0x0000000008007c44                _init
 .init          0x0000000008007c48        0x8 c:/st/stm32cubeide_1.11.2/stm32cubeide/plugins/com.st.stm32cube.ide.mcu.externaltools.gnu-tools-for-stm32.10.3-2021.10.win32_1.0.100.202210260954/tools/bin/../lib/gcc/arm-none-eabi/10.3.1/thumb/v7e-m+dp/hard/crtn.o
 *(.fini)
 .fini          0x0000000008007c50        0x4 c:/st/stm32cubeide_1.11.2/stm32cubeide/plugins/com.st.stm32cube.ide.mcu.externaltools.gnu-tools-for-stm32.10.3-2021.10.win32_1.0.100.202210260954/tools/bin/../lib/gcc/arm-none-eabi/10.3.1/thumb/v7e-m+dp/hard/crti.o
                0x0000000008007c50                _fini
 .fini          0x0000000008007c54        0x8 c:/st/stm32cubeide_1.11.2/stm32cubeide/plugins/com.st.stm32cube.ide.mcu.externaltools.gnu-tools-for-stm32.10.3-2021.10.win32_1.0.100.202210260954/tools/bin/../lib/gcc/arm-none-eabi/10.3.1/thumb/v7e-m+dp/hard/crtn.o
                0x0000000008007c5c                . = ALIGN (0x4)
                0x0000000008007c5c                _etext = .

.vfp11_veneer   0x0000000008007c5c        0x0
 .vfp11_veneer  0x0000000008007c5c        0x0 linker stubs

.v4_bx          0x0000000008007c5c        0x0
 .v4_bx         0x0000000008007c5c        0x0 linker stubs

.iplt           0x0000000008007c5c        0x0
 .iplt          0x0000000008007c5c        0x0 c:/st/stm32cubeide_1.11.2/stm32cubeide/plugins/com.st.stm32cube.ide.mcu.externaltools.gnu-tools-for-stm32.10.3-2021.10.win32_1.0.100.202210260954/tools/bin/../lib/gcc/arm-none-eabi/10.3.1/thumb/v7e-m+dp/hard/crtbegin.o

.rodata         0x0000000008007c5c      0x2b8
                0x0000000008007c5c                . = ALIGN (0x4)
 *(.rodata)
 *(.rodata*)
 .rodata.Input_Registers_Database
                0x0000000008007c5c       0x64 ./Core/Src/modbusSlave.o
 .rodata.Inputs_Database
                0x0000000008007cc0       0x19 ./Core/Src/modbusSlave.o
 *fill*         0x0000000008007cd9        0x3 
 .rodata.table_crc_hi
                0x0000000008007cdc      0x100 ./Core/Src/modbus_crc.o
 .rodata.table_crc_lo
                0x0000000008007ddc      0x100 ./Core/Src/modbus_crc.o
 .rodata.D1CorePrescTable
                0x0000000008007edc       0x10 ./Core/Src/system_stm32h7xx.o
                0x0000000008007edc                D1CorePrescTable
 .rodata.UARTPrescTable
                0x0000000008007eec       0x18 ./Drivers/STM32H7xx_HAL_Driver/Src/stm32h7xx_hal_uart.o
                0x0000000008007eec                UARTPrescTable
 .rodata.numerator.1
                0x0000000008007f04        0x8 ./Drivers/STM32H7xx_HAL_Driver/Src/stm32h7xx_hal_uart_ex.o
 .rodata.denominator.0
                0x0000000008007f0c        0x8 ./Drivers/STM32H7xx_HAL_Driver/Src/stm32h7xx_hal_uart_ex.o
                0x0000000008007f14                . = ALIGN (0x4)

.ARM.extab
 *(.ARM.extab* .gnu.linkonce.armextab.*)

.ARM            0x0000000008007f14        0x8
                0x0000000008007f14                __exidx_start = .
 *(.ARM.exidx*)
 .ARM.exidx     0x0000000008007f14        0x8 c:/st/stm32cubeide_1.11.2/stm32cubeide/plugins/com.st.stm32cube.ide.mcu.externaltools.gnu-tools-for-stm32.10.3-2021.10.win32_1.0.100.202210260954/tools/bin/../lib/gcc/arm-none-eabi/10.3.1/thumb/v7e-m+dp/hard\libgcc.a(_udivmoddi4.o)
                0x0000000008007f1c                __exidx_end = .

.rel.dyn        0x0000000008007f1c        0x0
 .rel.iplt      0x0000000008007f1c        0x0 c:/st/stm32cubeide_1.11.2/stm32cubeide/plugins/com.st.stm32cube.ide.mcu.externaltools.gnu-tools-for-stm32.10.3-2021.10.win32_1.0.100.202210260954/tools/bin/../lib/gcc/arm-none-eabi/10.3.1/thumb/v7e-m+dp/hard/crtbegin.o

.preinit_array  0x0000000008007f1c        0x0
                0x0000000008007f1c                PROVIDE (__preinit_array_start = .)
 *(.preinit_array*)
                0x0000000008007f1c                PROVIDE (__preinit_array_end = .)

.init_array     0x0000000008007f1c        0x4
                0x0000000008007f1c                PROVIDE (__init_array_start = .)
 *(SORT_BY_NAME(.init_array.*))
 *(.init_array*)
 .init_array    0x0000000008007f1c        0x4 c:/st/stm32cubeide_1.11.2/stm32cubeide/plugins/com.st.stm32cube.ide.mcu.externaltools.gnu-tools-for-stm32.10.3-2021.10.win32_1.0.100.202210260954/tools/bin/../lib/gcc/arm-none-eabi/10.3.1/thumb/v7e-m+dp/hard/crtbegin.o
                0x0000000008007f20                PROVIDE (__init_array_end = .)

.fini_array     0x0000000008007f20        0x4
                [!provide]                        PROVIDE (__fini_array_start = .)
 *(SORT_BY_NAME(.fini_array.*))
 *(.fini_array*)
 .fini_array    0x0000000008007f20        0x4 c:/st/stm32cubeide_1.11.2/stm32cubeide/plugins/com.st.stm32cube.ide.mcu.externaltools.gnu-tools-for-stm32.10.3-2021.10.win32_1.0.100.202210260954/tools/bin/../lib/gcc/arm-none-eabi/10.3.1/thumb/v7e-m+dp/hard/crtbegin.o
                [!provide]                        PROVIDE (__fini_array_end = .)
                0x0000000008007f24                _sidata = LOADADDR (.data)

.data           0x0000000024000000       0x90 load address 0x0000000008007f24
                0x0000000024000000                . = ALIGN (0x4)
                0x0000000024000000                _sdata = .
 *(.data)
 *(.data*)
 .data.Holding_Registers_Database
                0x0000000024000000       0x64 ./Core/Src/modbusSlave.o
 .data.Coils_Database
                0x0000000024000064       0x19 ./Core/Src/modbusSlave.o
 *fill*         0x000000002400007d        0x3 
 .data.SystemCoreClock
                0x0000000024000080        0x4 ./Core/Src/system_stm32h7xx.o
                0x0000000024000080                SystemCoreClock
 .data.SystemD2Clock
                0x0000000024000084        0x4 ./Core/Src/system_stm32h7xx.o
                0x0000000024000084                SystemD2Clock
 .data.uwTickPrio
                0x0000000024000088        0x4 ./Drivers/STM32H7xx_HAL_Driver/Src/stm32h7xx_hal.o
                0x0000000024000088                uwTickPrio
 .data.uwTickFreq
                0x000000002400008c        0x1 ./Drivers/STM32H7xx_HAL_Driver/Src/stm32h7xx_hal.o
                0x000000002400008c                uwTickFreq
 *(.RamFunc)
 *(.RamFunc*)
                0x0000000024000090                . = ALIGN (0x4)
 *fill*         0x000000002400008d        0x3 
                0x0000000024000090                _edata = .

.igot.plt       0x0000000024000090        0x0 load address 0x0000000008007fb4
 .igot.plt      0x0000000024000090        0x0 c:/st/stm32cubeide_1.11.2/stm32cubeide/plugins/com.st.stm32cube.ide.mcu.externaltools.gnu-tools-for-stm32.10.3-2021.10.win32_1.0.100.202210260954/tools/bin/../lib/gcc/arm-none-eabi/10.3.1/thumb/v7e-m+dp/hard/crtbegin.o
                0x0000000024000090                . = ALIGN (0x4)

.bss            0x0000000024000090      0x2b4 load address 0x0000000008007fb4
                0x0000000024000090                _sbss = .
                0x0000000024000090                __bss_start__ = _sbss
 *(.bss)
 .bss           0x0000000024000090       0x1c c:/st/stm32cubeide_1.11.2/stm32cubeide/plugins/com.st.stm32cube.ide.mcu.externaltools.gnu-tools-for-stm32.10.3-2021.10.win32_1.0.100.202210260954/tools/bin/../lib/gcc/arm-none-eabi/10.3.1/thumb/v7e-m+dp/hard/crtbegin.o
 *(.bss*)
 .bss.huart5    0x00000000240000ac       0x94 ./Core/Src/main.o
                0x00000000240000ac                huart5
 .bss.RxData    0x0000000024000140      0x100 ./Core/Src/main.o
                0x0000000024000140                RxData
 .bss.TxData    0x0000000024000240      0x100 ./Core/Src/main.o
                0x0000000024000240                TxData
 .bss.uwTick    0x0000000024000340        0x4 ./Drivers/STM32H7xx_HAL_Driver/Src/stm32h7xx_hal.o
                0x0000000024000340                uwTick
 *(COMMON)
                0x0000000024000344                . = ALIGN (0x4)
                0x0000000024000344                _ebss = .
                0x0000000024000344                __bss_end__ = _ebss

._user_heap_stack
                0x0000000024000344      0x604 load address 0x0000000008007fb4
                0x0000000024000348                . = ALIGN (0x8)
 *fill*         0x0000000024000344        0x4 
                [!provide]                        PROVIDE (end = .)
                0x0000000024000348                PROVIDE (_end = .)
                0x0000000024000548                . = (. + _Min_Heap_Size)
 *fill*         0x0000000024000348      0x200 
                0x0000000024000948                . = (. + _Min_Stack_Size)
 *fill*         0x0000000024000548      0x400 
                0x0000000024000948                . = ALIGN (0x8)

/DISCARD/
 libc.a(*)
 libm.a(*)
 libgcc.a(*)

.ARM.attributes
                0x0000000000000000       0x2e
 *(.ARM.attributes)
 .ARM.attributes
                0x0000000000000000       0x1e c:/st/stm32cubeide_1.11.2/stm32cubeide/plugins/com.st.stm32cube.ide.mcu.externaltools.gnu-tools-for-stm32.10.3-2021.10.win32_1.0.100.202210260954/tools/bin/../lib/gcc/arm-none-eabi/10.3.1/thumb/v7e-m+dp/hard/crti.o
 .ARM.attributes
                0x000000000000001e       0x32 c:/st/stm32cubeide_1.11.2/stm32cubeide/plugins/com.st.stm32cube.ide.mcu.externaltools.gnu-tools-for-stm32.10.3-2021.10.win32_1.0.100.202210260954/tools/bin/../lib/gcc/arm-none-eabi/10.3.1/thumb/v7e-m+dp/hard/crtbegin.o
 .ARM.attributes
                0x0000000000000050       0x32 ./Core/Src/main.o
 .ARM.attributes
                0x0000000000000082       0x32 ./Core/Src/modbusSlave.o
 .ARM.attributes
                0x00000000000000b4       0x32 ./Core/Src/modbus_crc.o
 .ARM.attributes
                0x00000000000000e6       0x32 ./Core/Src/stm32h7xx_hal_msp.o
 .ARM.attributes
                0x0000000000000118       0x32 ./Core/Src/stm32h7xx_it.o
 .ARM.attributes
                0x000000000000014a       0x32 ./Core/Src/system_stm32h7xx.o
 .ARM.attributes
                0x000000000000017c       0x21 ./Core/Startup/startup_stm32h743zitx.o
 .ARM.attributes
                0x000000000000019d       0x32 ./Drivers/STM32H7xx_HAL_Driver/Src/stm32h7xx_hal.o
 .ARM.attributes
                0x00000000000001cf       0x32 ./Drivers/STM32H7xx_HAL_Driver/Src/stm32h7xx_hal_cortex.o
 .ARM.attributes
                0x0000000000000201       0x32 ./Drivers/STM32H7xx_HAL_Driver/Src/stm32h7xx_hal_dma.o
 .ARM.attributes
                0x0000000000000233       0x32 ./Drivers/STM32H7xx_HAL_Driver/Src/stm32h7xx_hal_gpio.o
 .ARM.attributes
                0x0000000000000265       0x32 ./Drivers/STM32H7xx_HAL_Driver/Src/stm32h7xx_hal_pwr_ex.o
 .ARM.attributes
                0x0000000000000297       0x32 ./Drivers/STM32H7xx_HAL_Driver/Src/stm32h7xx_hal_rcc.o
 .ARM.attributes
                0x00000000000002c9       0x32 ./Drivers/STM32H7xx_HAL_Driver/Src/stm32h7xx_hal_rcc_ex.o
 .ARM.attributes
                0x00000000000002fb       0x32 ./Drivers/STM32H7xx_HAL_Driver/Src/stm32h7xx_hal_uart.o
 .ARM.attributes
                0x000000000000032d       0x32 ./Drivers/STM32H7xx_HAL_Driver/Src/stm32h7xx_hal_uart_ex.o
 .ARM.attributes
                0x000000000000035f       0x32 c:/st/stm32cubeide_1.11.2/stm32cubeide/plugins/com.st.stm32cube.ide.mcu.externaltools.gnu-tools-for-stm32.10.3-2021.10.win32_1.0.100.202210260954/tools/bin/../lib/gcc/arm-none-eabi/10.3.1/../../../../arm-none-eabi/lib/thumb/v7e-m+dp/hard\libc_nano.a(lib_a-init.o)
 .ARM.attributes
                0x0000000000000391       0x32 c:/st/stm32cubeide_1.11.2/stm32cubeide/plugins/com.st.stm32cube.ide.mcu.externaltools.gnu-tools-for-stm32.10.3-2021.10.win32_1.0.100.202210260954/tools/bin/../lib/gcc/arm-none-eabi/10.3.1/../../../../arm-none-eabi/lib/thumb/v7e-m+dp/hard\libc_nano.a(lib_a-memset.o)
 .ARM.attributes
                0x00000000000003c3       0x1e c:/st/stm32cubeide_1.11.2/stm32cubeide/plugins/com.st.stm32cube.ide.mcu.externaltools.gnu-tools-for-stm32.10.3-2021.10.win32_1.0.100.202210260954/tools/bin/../lib/gcc/arm-none-eabi/10.3.1/thumb/v7e-m+dp/hard\libgcc.a(_aeabi_uldivmod.o)
 .ARM.attributes
                0x00000000000003e1       0x32 c:/st/stm32cubeide_1.11.2/stm32cubeide/plugins/com.st.stm32cube.ide.mcu.externaltools.gnu-tools-for-stm32.10.3-2021.10.win32_1.0.100.202210260954/tools/bin/../lib/gcc/arm-none-eabi/10.3.1/thumb/v7e-m+dp/hard\libgcc.a(_udivmoddi4.o)
 .ARM.attributes
                0x0000000000000413       0x1e c:/st/stm32cubeide_1.11.2/stm32cubeide/plugins/com.st.stm32cube.ide.mcu.externaltools.gnu-tools-for-stm32.10.3-2021.10.win32_1.0.100.202210260954/tools/bin/../lib/gcc/arm-none-eabi/10.3.1/thumb/v7e-m+dp/hard\libgcc.a(_dvmd_tls.o)
 .ARM.attributes
                0x0000000000000431       0x1e c:/st/stm32cubeide_1.11.2/stm32cubeide/plugins/com.st.stm32cube.ide.mcu.externaltools.gnu-tools-for-stm32.10.3-2021.10.win32_1.0.100.202210260954/tools/bin/../lib/gcc/arm-none-eabi/10.3.1/thumb/v7e-m+dp/hard/crtn.o
OUTPUT(h743.elf elf32-littlearm)
LOAD linker stubs
LOAD c:/st/stm32cubeide_1.11.2/stm32cubeide/plugins/com.st.stm32cube.ide.mcu.externaltools.gnu-tools-for-stm32.10.3-2021.10.win32_1.0.100.202210260954/tools/bin/../lib/gcc/arm-none-eabi/10.3.1/../../../../arm-none-eabi/lib/thumb/v7e-m+dp/hard\libc.a
LOAD c:/st/stm32cubeide_1.11.2/stm32cubeide/plugins/com.st.stm32cube.ide.mcu.externaltools.gnu-tools-for-stm32.10.3-2021.10.win32_1.0.100.202210260954/tools/bin/../lib/gcc/arm-none-eabi/10.3.1/../../../../arm-none-eabi/lib/thumb/v7e-m+dp/hard\libm.a
LOAD c:/st/stm32cubeide_1.11.2/stm32cubeide/plugins/com.st.stm32cube.ide.mcu.externaltools.gnu-tools-for-stm32.10.3-2021.10.win32_1.0.100.202210260954/tools/bin/../lib/gcc/arm-none-eabi/10.3.1/thumb/v7e-m+dp/hard\libgcc.a

.debug_info     0x0000000000000000    0x11fbf
 .debug_info    0x0000000000000000     0x14db ./Core/Src/main.o
 .debug_info    0x00000000000014db      0xd04 ./Core/Src/modbusSlave.o
 .debug_info    0x00000000000021df      0x148 ./Core/Src/modbus_crc.o
 .debug_info    0x0000000000002327     0x147e ./Core/Src/stm32h7xx_hal_msp.o
 .debug_info    0x00000000000037a5      0x871 ./Core/Src/stm32h7xx_it.o
 .debug_info    0x0000000000004016      0xd07 ./Core/Src/system_stm32h7xx.o
 .debug_info    0x0000000000004d1d       0x22 ./Core/Startup/startup_stm32h743zitx.o
 .debug_info    0x0000000000004d3f     0x15d7 ./Drivers/STM32H7xx_HAL_Driver/Src/stm32h7xx_hal.o
 .debug_info    0x0000000000006316     0x11bd ./Drivers/STM32H7xx_HAL_Driver/Src/stm32h7xx_hal_cortex.o
 .debug_info    0x00000000000074d3      0xcd5 ./Drivers/STM32H7xx_HAL_Driver/Src/stm32h7xx_hal_dma.o
 .debug_info    0x00000000000081a8      0xd28 ./Drivers/STM32H7xx_HAL_Driver/Src/stm32h7xx_hal_gpio.o
 .debug_info    0x0000000000008ed0     0x109d ./Drivers/STM32H7xx_HAL_Driver/Src/stm32h7xx_hal_pwr_ex.o
 .debug_info    0x0000000000009f6d      0xf4a ./Drivers/STM32H7xx_HAL_Driver/Src/stm32h7xx_hal_rcc.o
 .debug_info    0x000000000000aeb7     0x12d9 ./Drivers/STM32H7xx_HAL_Driver/Src/stm32h7xx_hal_rcc_ex.o
 .debug_info    0x000000000000c190     0x4dca ./Drivers/STM32H7xx_HAL_Driver/Src/stm32h7xx_hal_uart.o
 .debug_info    0x0000000000010f5a     0x1065 ./Drivers/STM32H7xx_HAL_Driver/Src/stm32h7xx_hal_uart_ex.o

.debug_abbrev   0x0000000000000000     0x21b6
 .debug_abbrev  0x0000000000000000      0x2cf ./Core/Src/main.o
 .debug_abbrev  0x00000000000002cf      0x21a ./Core/Src/modbusSlave.o
 .debug_abbrev  0x00000000000004e9       0xaf ./Core/Src/modbus_crc.o
 .debug_abbrev  0x0000000000000598      0x203 ./Core/Src/stm32h7xx_hal_msp.o
 .debug_abbrev  0x000000000000079b      0x166 ./Core/Src/stm32h7xx_it.o
 .debug_abbrev  0x0000000000000901      0x147 ./Core/Src/system_stm32h7xx.o
 .debug_abbrev  0x0000000000000a48       0x12 ./Core/Startup/startup_stm32h743zitx.o
 .debug_abbrev  0x0000000000000a5a      0x289 ./Drivers/STM32H7xx_HAL_Driver/Src/stm32h7xx_hal.o
 .debug_abbrev  0x0000000000000ce3      0x329 ./Drivers/STM32H7xx_HAL_Driver/Src/stm32h7xx_hal_cortex.o
 .debug_abbrev  0x000000000000100c      0x239 ./Drivers/STM32H7xx_HAL_Driver/Src/stm32h7xx_hal_dma.o
 .debug_abbrev  0x0000000000001245      0x1ec ./Drivers/STM32H7xx_HAL_Driver/Src/stm32h7xx_hal_gpio.o
 .debug_abbrev  0x0000000000001431      0x28f ./Drivers/STM32H7xx_HAL_Driver/Src/stm32h7xx_hal_pwr_ex.o
 .debug_abbrev  0x00000000000016c0      0x2b8 ./Drivers/STM32H7xx_HAL_Driver/Src/stm32h7xx_hal_rcc.o
 .debug_abbrev  0x0000000000001978      0x25c ./Drivers/STM32H7xx_HAL_Driver/Src/stm32h7xx_hal_rcc_ex.o
 .debug_abbrev  0x0000000000001bd4      0x325 ./Drivers/STM32H7xx_HAL_Driver/Src/stm32h7xx_hal_uart.o
 .debug_abbrev  0x0000000000001ef9      0x2bd ./Drivers/STM32H7xx_HAL_Driver/Src/stm32h7xx_hal_uart_ex.o

.debug_aranges  0x0000000000000000      0xb40
 .debug_aranges
                0x0000000000000000       0x48 ./Core/Src/main.o
 .debug_aranges
                0x0000000000000048       0x68 ./Core/Src/modbusSlave.o
 .debug_aranges
                0x00000000000000b0       0x20 ./Core/Src/modbus_crc.o
 .debug_aranges
                0x00000000000000d0       0x30 ./Core/Src/stm32h7xx_hal_msp.o
 .debug_aranges
                0x0000000000000100       0x68 ./Core/Src/stm32h7xx_it.o
 .debug_aranges
                0x0000000000000168       0x28 ./Core/Src/system_stm32h7xx.o
 .debug_aranges
                0x0000000000000190       0x28 ./Core/Startup/startup_stm32h743zitx.o
 .debug_aranges
                0x00000000000001b8      0x198 ./Drivers/STM32H7xx_HAL_Driver/Src/stm32h7xx_hal.o
 .debug_aranges
                0x0000000000000350      0x130 ./Drivers/STM32H7xx_HAL_Driver/Src/stm32h7xx_hal_cortex.o
 .debug_aranges
                0x0000000000000480       0xa0 ./Drivers/STM32H7xx_HAL_Driver/Src/stm32h7xx_hal_dma.o
 .debug_aranges
                0x0000000000000520       0x58 ./Drivers/STM32H7xx_HAL_Driver/Src/stm32h7xx_hal_gpio.o
 .debug_aranges
                0x0000000000000578      0x158 ./Drivers/STM32H7xx_HAL_Driver/Src/stm32h7xx_hal_pwr_ex.o
 .debug_aranges
                0x00000000000006d0       0x88 ./Drivers/STM32H7xx_HAL_Driver/Src/stm32h7xx_hal_rcc.o
 .debug_aranges
                0x0000000000000758       0xf8 ./Drivers/STM32H7xx_HAL_Driver/Src/stm32h7xx_hal_rcc_ex.o
 .debug_aranges
                0x0000000000000850      0x248 ./Drivers/STM32H7xx_HAL_Driver/Src/stm32h7xx_hal_uart.o
 .debug_aranges
                0x0000000000000a98       0xa8 ./Drivers/STM32H7xx_HAL_Driver/Src/stm32h7xx_hal_uart_ex.o

.debug_ranges   0x0000000000000000      0xa78
 .debug_ranges  0x0000000000000000       0x38 ./Core/Src/main.o
 .debug_ranges  0x0000000000000038       0x58 ./Core/Src/modbusSlave.o
 .debug_ranges  0x0000000000000090       0x10 ./Core/Src/modbus_crc.o
 .debug_ranges  0x00000000000000a0       0x20 ./Core/Src/stm32h7xx_hal_msp.o
 .debug_ranges  0x00000000000000c0       0x58 ./Core/Src/stm32h7xx_it.o
 .debug_ranges  0x0000000000000118       0x18 ./Core/Src/system_stm32h7xx.o
 .debug_ranges  0x0000000000000130       0x20 ./Core/Startup/startup_stm32h743zitx.o
 .debug_ranges  0x0000000000000150      0x188 ./Drivers/STM32H7xx_HAL_Driver/Src/stm32h7xx_hal.o
 .debug_ranges  0x00000000000002d8      0x120 ./Drivers/STM32H7xx_HAL_Driver/Src/stm32h7xx_hal_cortex.o
 .debug_ranges  0x00000000000003f8       0x90 ./Drivers/STM32H7xx_HAL_Driver/Src/stm32h7xx_hal_dma.o
 .debug_ranges  0x0000000000000488       0x48 ./Drivers/STM32H7xx_HAL_Driver/Src/stm32h7xx_hal_gpio.o
 .debug_ranges  0x00000000000004d0      0x148 ./Drivers/STM32H7xx_HAL_Driver/Src/stm32h7xx_hal_pwr_ex.o
 .debug_ranges  0x0000000000000618       0x78 ./Drivers/STM32H7xx_HAL_Driver/Src/stm32h7xx_hal_rcc.o
 .debug_ranges  0x0000000000000690       0xe8 ./Drivers/STM32H7xx_HAL_Driver/Src/stm32h7xx_hal_rcc_ex.o
 .debug_ranges  0x0000000000000778      0x268 ./Drivers/STM32H7xx_HAL_Driver/Src/stm32h7xx_hal_uart.o
 .debug_ranges  0x00000000000009e0       0x98 ./Drivers/STM32H7xx_HAL_Driver/Src/stm32h7xx_hal_uart_ex.o

.debug_macro    0x0000000000000000    0x35f88
 .debug_macro   0x0000000000000000      0x2ba ./Core/Src/main.o
 .debug_macro   0x00000000000002ba      0xa90 ./Core/Src/main.o
 .debug_macro   0x0000000000000d4a      0x232 ./Core/Src/main.o
 .debug_macro   0x0000000000000f7c       0x2e ./Core/Src/main.o
 .debug_macro   0x0000000000000faa       0x3b ./Core/Src/main.o
 .debug_macro   0x0000000000000fe5       0x22 ./Core/Src/main.o
 .debug_macro   0x0000000000001007       0x8e ./Core/Src/main.o
 .debug_macro   0x0000000000001095       0x51 ./Core/Src/main.o
 .debug_macro   0x00000000000010e6      0x103 ./Core/Src/main.o
 .debug_macro   0x00000000000011e9       0x6a ./Core/Src/main.o
 .debug_macro   0x0000000000001253      0x1df ./Core/Src/main.o
 .debug_macro   0x0000000000001432       0x1c ./Core/Src/main.o
 .debug_macro   0x000000000000144e       0x22 ./Core/Src/main.o
 .debug_macro   0x0000000000001470       0xfb ./Core/Src/main.o
 .debug_macro   0x000000000000156b     0x1305 ./Core/Src/main.o
 .debug_macro   0x0000000000002870      0x11f ./Core/Src/main.o
 .debug_macro   0x000000000000298f       0x27 ./Core/Src/main.o
 .debug_macro   0x00000000000029b6    0x258f9 ./Core/Src/main.o
 .debug_macro   0x00000000000282af       0x6d ./Core/Src/main.o
 .debug_macro   0x000000000002831c     0x3d79 ./Core/Src/main.o
 .debug_macro   0x000000000002c095      0x174 ./Core/Src/main.o
 .debug_macro   0x000000000002c209       0x52 ./Core/Src/main.o
 .debug_macro   0x000000000002c25b       0x1d ./Core/Src/main.o
 .debug_macro   0x000000000002c278       0x3c ./Core/Src/main.o
 .debug_macro   0x000000000002c2b4       0x34 ./Core/Src/main.o
 .debug_macro   0x000000000002c2e8       0x16 ./Core/Src/main.o
 .debug_macro   0x000000000002c2fe       0x43 ./Core/Src/main.o
 .debug_macro   0x000000000002c341       0x34 ./Core/Src/main.o
 .debug_macro   0x000000000002c375       0x10 ./Core/Src/main.o
 .debug_macro   0x000000000002c385       0x58 ./Core/Src/main.o
 .debug_macro   0x000000000002c3dd       0x71 ./Core/Src/main.o
 .debug_macro   0x000000000002c44e       0x1c ./Core/Src/main.o
 .debug_macro   0x000000000002c46a      0x12a ./Core/Src/main.o
 .debug_macro   0x000000000002c594      0x341 ./Core/Src/main.o
 .debug_macro   0x000000000002c8d5      0x19b ./Core/Src/main.o
 .debug_macro   0x000000000002ca70       0x5d ./Core/Src/main.o
 .debug_macro   0x000000000002cacd     0x2382 ./Core/Src/main.o
 .debug_macro   0x000000000002ee4f     0x102c ./Core/Src/main.o
 .debug_macro   0x000000000002fe7b      0x154 ./Core/Src/main.o
 .debug_macro   0x000000000002ffcf      0x114 ./Core/Src/main.o
 .debug_macro   0x00000000000300e3      0x3b6 ./Core/Src/main.o
 .debug_macro   0x0000000000030499       0xac ./Core/Src/main.o
 .debug_macro   0x0000000000030545      0x72d ./Core/Src/main.o
 .debug_macro   0x0000000000030c72      0x228 ./Core/Src/main.o
 .debug_macro   0x0000000000030e9a       0x66 ./Core/Src/main.o
 .debug_macro   0x0000000000030f00      0x3bb ./Core/Src/main.o
 .debug_macro   0x00000000000312bb      0x3e4 ./Core/Src/main.o
 .debug_macro   0x000000000003169f      0x275 ./Core/Src/main.o
 .debug_macro   0x0000000000031914      0x3ca ./Core/Src/main.o
 .debug_macro   0x0000000000031cde      0x408 ./Core/Src/main.o
 .debug_macro   0x00000000000320e6       0x51 ./Core/Src/main.o
 .debug_macro   0x0000000000032137       0x4a ./Core/Src/main.o
 .debug_macro   0x0000000000032181      0x22c ./Core/Src/main.o
 .debug_macro   0x00000000000323ad       0x67 ./Core/Src/main.o
 .debug_macro   0x0000000000032414       0xa5 ./Core/Src/main.o
 .debug_macro   0x00000000000324b9      0x1c4 ./Core/Src/main.o
 .debug_macro   0x000000000003267d      0x25e ./Core/Src/main.o
 .debug_macro   0x00000000000328db       0x35 ./Core/Src/main.o
 .debug_macro   0x0000000000032910      0x693 ./Core/Src/main.o
 .debug_macro   0x0000000000032fa3       0xa6 ./Core/Src/main.o
 .debug_macro   0x0000000000033049      0x5a0 ./Core/Src/main.o
 .debug_macro   0x00000000000335e9       0x1c ./Core/Src/main.o
 .debug_macro   0x0000000000033605      0x2dc ./Core/Src/modbusSlave.o
 .debug_macro   0x00000000000338e1      0x5a0 ./Core/Src/modbusSlave.o
 .debug_macro   0x0000000000033e81       0x16 ./Core/Src/modbusSlave.o
 .debug_macro   0x0000000000033e97       0x35 ./Core/Src/modbusSlave.o
 .debug_macro   0x0000000000033ecc       0x20 ./Core/Src/modbusSlave.o
 .debug_macro   0x0000000000033eec       0x63 ./Core/Src/modbus_crc.o
 .debug_macro   0x0000000000033f4f      0x29d ./Core/Src/stm32h7xx_hal_msp.o
 .debug_macro   0x00000000000341ec      0x2a7 ./Core/Src/stm32h7xx_it.o
 .debug_macro   0x0000000000034493      0x293 ./Core/Src/system_stm32h7xx.o
 .debug_macro   0x0000000000034726      0x2bd ./Drivers/STM32H7xx_HAL_Driver/Src/stm32h7xx_hal.o
 .debug_macro   0x00000000000349e3      0x293 ./Drivers/STM32H7xx_HAL_Driver/Src/stm32h7xx_hal_cortex.o
 .debug_macro   0x0000000000034c76      0x2e7 ./Drivers/STM32H7xx_HAL_Driver/Src/stm32h7xx_hal_dma.o
 .debug_macro   0x0000000000034f5d      0x29a ./Drivers/STM32H7xx_HAL_Driver/Src/stm32h7xx_hal_gpio.o
 .debug_macro   0x00000000000351f7      0x2cc ./Drivers/STM32H7xx_HAL_Driver/Src/stm32h7xx_hal_pwr_ex.o
 .debug_macro   0x00000000000354c3      0x2b7 ./Drivers/STM32H7xx_HAL_Driver/Src/stm32h7xx_hal_rcc.o
 .debug_macro   0x000000000003577a      0x2b1 ./Drivers/STM32H7xx_HAL_Driver/Src/stm32h7xx_hal_rcc_ex.o
 .debug_macro   0x0000000000035a2b      0x2be ./Drivers/STM32H7xx_HAL_Driver/Src/stm32h7xx_hal_uart.o
 .debug_macro   0x0000000000035ce9      0x29f ./Drivers/STM32H7xx_HAL_Driver/Src/stm32h7xx_hal_uart_ex.o

.debug_line     0x0000000000000000    0x11335
 .debug_line    0x0000000000000000      0x9ab ./Core/Src/main.o
 .debug_line    0x00000000000009ab      0xeb1 ./Core/Src/modbusSlave.o
 .debug_line    0x000000000000185c      0x3b0 ./Core/Src/modbus_crc.o
 .debug_line    0x0000000000001c0c      0x887 ./Core/Src/stm32h7xx_hal_msp.o
 .debug_line    0x0000000000002493      0x8ff ./Core/Src/stm32h7xx_it.o
 .debug_line    0x0000000000002d92      0x9d4 ./Core/Src/system_stm32h7xx.o
 .debug_line    0x0000000000003766       0x88 ./Core/Startup/startup_stm32h743zitx.o
 .debug_line    0x00000000000037ee      0xdd2 ./Drivers/STM32H7xx_HAL_Driver/Src/stm32h7xx_hal.o
 .debug_line    0x00000000000045c0      0xe06 ./Drivers/STM32H7xx_HAL_Driver/Src/stm32h7xx_hal_cortex.o
 .debug_line    0x00000000000053c6     0x2721 ./Drivers/STM32H7xx_HAL_Driver/Src/stm32h7xx_hal_dma.o
 .debug_line    0x0000000000007ae7      0xc95 ./Drivers/STM32H7xx_HAL_Driver/Src/stm32h7xx_hal_gpio.o
 .debug_line    0x000000000000877c      0xef8 ./Drivers/STM32H7xx_HAL_Driver/Src/stm32h7xx_hal_pwr_ex.o
 .debug_line    0x0000000000009674     0x13a2 ./Drivers/STM32H7xx_HAL_Driver/Src/stm32h7xx_hal_rcc.o
 .debug_line    0x000000000000aa16     0x1c70 ./Drivers/STM32H7xx_HAL_Driver/Src/stm32h7xx_hal_rcc_ex.o
 .debug_line    0x000000000000c686     0x3e3f ./Drivers/STM32H7xx_HAL_Driver/Src/stm32h7xx_hal_uart.o
 .debug_line    0x00000000000104c5      0xe70 ./Drivers/STM32H7xx_HAL_Driver/Src/stm32h7xx_hal_uart_ex.o

.debug_str      0x0000000000000000   0x155bb8
 .debug_str     0x0000000000000000   0x151abb ./Core/Src/main.o
                                     0x151f7b (size before relaxing)
 .debug_str     0x0000000000151abb      0x126 ./Core/Src/modbusSlave.o
                                     0x151a5d (size before relaxing)
 .debug_str     0x0000000000151be1       0x48 ./Core/Src/modbus_crc.o
                                       0x3ca6 (size before relaxing)
 .debug_str     0x0000000000151c29      0xb78 ./Core/Src/stm32h7xx_hal_msp.o
                                     0x1526ba (size before relaxing)
 .debug_str     0x00000000001527a1       0xee ./Core/Src/stm32h7xx_it.o
                                     0x15188d (size before relaxing)
 .debug_str     0x000000000015288f      0x344 ./Core/Src/system_stm32h7xx.o
                                     0x151781 (size before relaxing)
 .debug_str     0x0000000000152bd3       0x36 ./Core/Startup/startup_stm32h743zitx.o
                                         0x71 (size before relaxing)
 .debug_str     0x0000000000152c09      0x7f9 ./Drivers/STM32H7xx_HAL_Driver/Src/stm32h7xx_hal.o
                                     0x152697 (size before relaxing)
 .debug_str     0x0000000000153402      0x364 ./Drivers/STM32H7xx_HAL_Driver/Src/stm32h7xx_hal_cortex.o
                                     0x1520d2 (size before relaxing)
 .debug_str     0x0000000000153766      0x89b ./Drivers/STM32H7xx_HAL_Driver/Src/stm32h7xx_hal_dma.o
                                     0x151ebb (size before relaxing)
 .debug_str     0x0000000000154001       0xec ./Drivers/STM32H7xx_HAL_Driver/Src/stm32h7xx_hal_gpio.o
                                     0x151738 (size before relaxing)
 .debug_str     0x00000000001540ed      0x642 ./Drivers/STM32H7xx_HAL_Driver/Src/stm32h7xx_hal_pwr_ex.o
                                     0x151bf9 (size before relaxing)
 .debug_str     0x000000000015472f      0x22e ./Drivers/STM32H7xx_HAL_Driver/Src/stm32h7xx_hal_rcc.o
                                     0x151b1c (size before relaxing)
 .debug_str     0x000000000015495d      0x64b ./Drivers/STM32H7xx_HAL_Driver/Src/stm32h7xx_hal_rcc_ex.o
                                     0x151ffd (size before relaxing)
 .debug_str     0x0000000000154fa8      0x9bf ./Drivers/STM32H7xx_HAL_Driver/Src/stm32h7xx_hal_uart.o
                                     0x15265d (size before relaxing)
 .debug_str     0x0000000000155967      0x251 ./Drivers/STM32H7xx_HAL_Driver/Src/stm32h7xx_hal_uart_ex.o
                                     0x151c1d (size before relaxing)

.comment        0x0000000000000000       0x50
 .comment       0x0000000000000000       0x50 ./Core/Src/main.o
                                         0x51 (size before relaxing)
 .comment       0x0000000000000050       0x51 ./Core/Src/modbusSlave.o
 .comment       0x0000000000000050       0x51 ./Core/Src/modbus_crc.o
 .comment       0x0000000000000050       0x51 ./Core/Src/stm32h7xx_hal_msp.o
 .comment       0x0000000000000050       0x51 ./Core/Src/stm32h7xx_it.o
 .comment       0x0000000000000050       0x51 ./Core/Src/system_stm32h7xx.o
 .comment       0x0000000000000050       0x51 ./Drivers/STM32H7xx_HAL_Driver/Src/stm32h7xx_hal.o
 .comment       0x0000000000000050       0x51 ./Drivers/STM32H7xx_HAL_Driver/Src/stm32h7xx_hal_cortex.o
 .comment       0x0000000000000050       0x51 ./Drivers/STM32H7xx_HAL_Driver/Src/stm32h7xx_hal_dma.o
 .comment       0x0000000000000050       0x51 ./Drivers/STM32H7xx_HAL_Driver/Src/stm32h7xx_hal_gpio.o
 .comment       0x0000000000000050       0x51 ./Drivers/STM32H7xx_HAL_Driver/Src/stm32h7xx_hal_pwr_ex.o
 .comment       0x0000000000000050       0x51 ./Drivers/STM32H7xx_HAL_Driver/Src/stm32h7xx_hal_rcc.o
 .comment       0x0000000000000050       0x51 ./Drivers/STM32H7xx_HAL_Driver/Src/stm32h7xx_hal_rcc_ex.o
 .comment       0x0000000000000050       0x51 ./Drivers/STM32H7xx_HAL_Driver/Src/stm32h7xx_hal_uart.o
 .comment       0x0000000000000050       0x51 ./Drivers/STM32H7xx_HAL_Driver/Src/stm32h7xx_hal_uart_ex.o

.debug_frame    0x0000000000000000     0x2d9c
 .debug_frame   0x0000000000000000       0xcc ./Core/Src/main.o
 .debug_frame   0x00000000000000cc      0x178 ./Core/Src/modbusSlave.o
 .debug_frame   0x0000000000000244       0x38 ./Core/Src/modbus_crc.o
 .debug_frame   0x000000000000027c       0x84 ./Core/Src/stm32h7xx_hal_msp.o
 .debug_frame   0x0000000000000300      0x120 ./Core/Src/stm32h7xx_it.o
 .debug_frame   0x0000000000000420       0x58 ./Core/Src/system_stm32h7xx.o
 .debug_frame   0x0000000000000478      0x690 ./Drivers/STM32H7xx_HAL_Driver/Src/stm32h7xx_hal.o
 .debug_frame   0x0000000000000b08      0x508 ./Drivers/STM32H7xx_HAL_Driver/Src/stm32h7xx_hal_cortex.o
 .debug_frame   0x0000000000001010      0x2b4 ./Drivers/STM32H7xx_HAL_Driver/Src/stm32h7xx_hal_dma.o
 .debug_frame   0x00000000000012c4      0x14c ./Drivers/STM32H7xx_HAL_Driver/Src/stm32h7xx_hal_gpio.o
 .debug_frame   0x0000000000001410      0x580 ./Drivers/STM32H7xx_HAL_Driver/Src/stm32h7xx_hal_pwr_ex.o
 .debug_frame   0x0000000000001990      0x1f8 ./Drivers/STM32H7xx_HAL_Driver/Src/stm32h7xx_hal_rcc.o
 .debug_frame   0x0000000000001b88      0x414 ./Drivers/STM32H7xx_HAL_Driver/Src/stm32h7xx_hal_rcc_ex.o
 .debug_frame   0x0000000000001f9c      0xa94 ./Drivers/STM32H7xx_HAL_Driver/Src/stm32h7xx_hal_uart.o
 .debug_frame   0x0000000000002a30      0x2c0 ./Drivers/STM32H7xx_HAL_Driver/Src/stm32h7xx_hal_uart_ex.o
 .debug_frame   0x0000000000002cf0       0x2c c:/st/stm32cubeide_1.11.2/stm32cubeide/plugins/com.st.stm32cube.ide.mcu.externaltools.gnu-tools-for-stm32.10.3-2021.10.win32_1.0.100.202210260954/tools/bin/../lib/gcc/arm-none-eabi/10.3.1/../../../../arm-none-eabi/lib/thumb/v7e-m+dp/hard\libc_nano.a(lib_a-init.o)
 .debug_frame   0x0000000000002d1c       0x20 c:/st/stm32cubeide_1.11.2/stm32cubeide/plugins/com.st.stm32cube.ide.mcu.externaltools.gnu-tools-for-stm32.10.3-2021.10.win32_1.0.100.202210260954/tools/bin/../lib/gcc/arm-none-eabi/10.3.1/../../../../arm-none-eabi/lib/thumb/v7e-m+dp/hard\libc_nano.a(lib_a-memset.o)
 .debug_frame   0x0000000000002d3c       0x2c c:/st/stm32cubeide_1.11.2/stm32cubeide/plugins/com.st.stm32cube.ide.mcu.externaltools.gnu-tools-for-stm32.10.3-2021.10.win32_1.0.100.202210260954/tools/bin/../lib/gcc/arm-none-eabi/10.3.1/thumb/v7e-m+dp/hard\libgcc.a(_aeabi_uldivmod.o)
 .debug_frame   0x0000000000002d68       0x34 c:/st/stm32cubeide_1.11.2/stm32cubeide/plugins/com.st.stm32cube.ide.mcu.externaltools.gnu-tools-for-stm32.10.3-2021.10.win32_1.0.100.202210260954/tools/bin/../lib/gcc/arm-none-eabi/10.3.1/thumb/v7e-m+dp/hard\libgcc.a(_udivmoddi4.o)
